// Jest Snapshot v1, https://goo.gl/fbAQLP

exports[`renders correctly 1`] = `
<View>
  <View
    style={
      [
        {
          "marginBottom": 10,
        },
      ]
    }
  >
    <Text>
      Player: X
    </Text>
  </View>
  <View
    style={
      [
        {
          "flexDirection": "row",
        },
      ]
    }
  >
    <View
      accessible={true}
      collapsable={false}
      focusable={true}
      onClick={[Function]}
      onResponderGrant={[Function]}
      onResponderMove={[Function]}
      onResponderRelease={[Function]}
      onResponderTerminate={[Function]}
      onResponderTerminationRequest={[Function]}
      onStartShouldSetResponder={[Function]}
      style={
        {
          "alignSelf": "stretch",
          "backgroundColor": "#2c3e",
          "fontSize": 24,
          "fontWeight": "bold",
          "height": 70,
          "lineHeight": 34,
          "opacity": 1,
          "textAlign": "center",
          "width": 70,
        }
      }
    >
      <Text
        style={
          [
            {
              "color": "#fff",
            },
          ]
        }
      />
    </View>
    <View
      accessible={true}
      collapsable={false}
      focusable={true}
      onClick={[Function]}
      onResponderGrant={[Function]}
      onResponderMove={[Function]}
      onResponderRelease={[Function]}
      onResponderTerminate={[Function]}
      onResponderTerminationRequest={[Function]}
      onStartShouldSetResponder={[Function]}
      style={
        {
          "alignSelf": "stretch",
          "backgroundColor": "#2c3e",
          "fontSize": 24,
          "fontWeight": "bold",
          "height": 70,
          "lineHeight": 34,
          "opacity": 1,
          "textAlign": "center",
          "width": 70,
        }
      }
    >
      <Text
        style={
          [
            {
              "color": "#fff",
            },
          ]
        }
      />
    </View>
    <View
      accessible={true}
      collapsable={false}
      focusable={true}
      onClick={[Function]}
      onResponderGrant={[Function]}
      onResponderMove={[Function]}
      onResponderRelease={[Function]}
      onResponderTerminate={[Function]}
      onResponderTerminationRequest={[Function]}
      onStartShouldSetResponder={[Function]}
      style={
        {
          "alignSelf": "stretch",
          "backgroundColor": "#2c3e",
          "fontSize": 24,
          "fontWeight": "bold",
          "height": 70,
          "lineHeight": 34,
          "opacity": 1,
          "textAlign": "center",
          "width": 70,
        }
      }
    >
      <Text
        style={
          [
            {
              "color": "#fff",
            },
          ]
        }
      />
    </View>
  </View>
  <View
    style={
      [
        {
          "flexDirection": "row",
        },
      ]
    }
  >
    <View
      accessible={true}
      collapsable={false}
      focusable={true}
      onClick={[Function]}
      onResponderGrant={[Function]}
      onResponderMove={[Function]}
      onResponderRelease={[Function]}
      onResponderTerminate={[Function]}
      onResponderTerminationRequest={[Function]}
      onStartShouldSetResponder={[Function]}
      style={
        {
          "alignSelf": "stretch",
          "backgroundColor": "#2c3e",
          "fontSize": 24,
          "fontWeight": "bold",
          "height": 70,
          "lineHeight": 34,
          "opacity": 1,
          "textAlign": "center",
          "width": 70,
        }
      }
    >
      <Text
        style={
          [
            {
              "color": "#fff",
            },
          ]
        }
      />
    </View>
    <View
      accessible={true}
      collapsable={false}
      focusable={true}
      onClick={[Function]}
      onResponderGrant={[Function]}
      onResponderMove={[Function]}
      onResponderRelease={[Function]}
      onResponderTerminate={[Function]}
      onResponderTerminationRequest={[Function]}
      onStartShouldSetResponder={[Function]}
      style={
        {
          "alignSelf": "stretch",
          "backgroundColor": "#2c3e",
          "fontSize": 24,
          "fontWeight": "bold",
          "height": 70,
          "lineHeight": 34,
          "opacity": 1,
          "textAlign": "center",
          "width": 70,
        }
      }
    >
      <Text
        style={
          [
            {
              "color": "#fff",
            },
          ]
        }
      />
    </View>
    <View
      accessible={true}
      collapsable={false}
      focusable={true}
      onClick={[Function]}
      onResponderGrant={[Function]}
      onResponderMove={[Function]}
      onResponderRelease={[Function]}
      onResponderTerminate={[Function]}
      onResponderTerminationRequest={[Function]}
      onStartShouldSetResponder={[Function]}
      style={
        {
          "alignSelf": "stretch",
          "backgroundColor": "#2c3e",
          "fontSize": 24,
          "fontWeight": "bold",
          "height": 70,
          "lineHeight": 34,
          "opacity": 1,
          "textAlign": "center",
          "width": 70,
        }
      }
    >
      <Text
        style={
          [
            {
              "color": "#fff",
            },
          ]
        }
      />
    </View>
  </View>
  <View
    style={
      [
        {
          "flexDirection": "row",
        },
      ]
    }
  >
    <View
      accessible={true}
      collapsable={false}
      focusable={true}
      onClick={[Function]}
      onResponderGrant={[Function]}
      onResponderMove={[Function]}
      onResponderRelease={[Function]}
      onResponderTerminate={[Function]}
      onResponderTerminationRequest={[Function]}
      onStartShouldSetResponder={[Function]}
      style={
        {
          "alignSelf": "stretch",
          "backgroundColor": "#2c3e",
          "fontSize": 24,
          "fontWeight": "bold",
          "height": 70,
          "lineHeight": 34,
          "opacity": 1,
          "textAlign": "center",
          "width": 70,
        }
      }
    >
      <Text
        style={
          [
            {
              "color": "#fff",
            },
          ]
        }
      />
    </View>
    <View
      accessible={true}
      collapsable={false}
      focusable={true}
      onClick={[Function]}
      onResponderGrant={[Function]}
      onResponderMove={[Function]}
      onResponderRelease={[Function]}
      onResponderTerminate={[Function]}
      onResponderTerminationRequest={[Function]}
      onStartShouldSetResponder={[Function]}
      style={
        {
          "alignSelf": "stretch",
          "backgroundColor": "#2c3e",
          "fontSize": 24,
          "fontWeight": "bold",
          "height": 70,
          "lineHeight": 34,
          "opacity": 1,
          "textAlign": "center",
          "width": 70,
        }
      }
    >
      <Text
        style={
          [
            {
              "color": "#fff",
            },
          ]
        }
      />
    </View>
    <View
      accessible={true}
      collapsable={false}
      focusable={true}
      onClick={[Function]}
      onResponderGrant={[Function]}
      onResponderMove={[Function]}
      onResponderRelease={[Function]}
      onResponderTerminate={[Function]}
      onResponderTerminationRequest={[Function]}
      onStartShouldSetResponder={[Function]}
      style={
        {
          "alignSelf": "stretch",
          "backgroundColor": "#2c3e",
          "fontSize": 24,
          "fontWeight": "bold",
          "height": 70,
          "lineHeight": 34,
          "opacity": 1,
          "textAlign": "center",
          "width": 70,
        }
      }
    >
      <Text
        style={
          [
            {
              "color": "#fff",
            },
          ]
        }
      />
    </View>
  </View>
</View>
`;
